 RSX  PENGU-PERP   ● offline  ◀ bids  mid 0.010000  asks ▶
 PAIR  rsx  RO off  PO off  size 1.0000 [1]  list rsx  ARMED WIF-PERP ×3 
 [e] PENGU-PERP      0.010000     0.00%  ▄▄        L+0.0
 [w] WIF-PERP        0.021002     0.00%  ▄▄        S-1.0
























 armed WIF-PERP
 b buy  s sell  j/k arm  . flatten  [ ] list  q quit  tab view  r RO  ? help 